-- Automatically generated by SQLQueryTestSuite
-- Number of queries: 6


-- !query 0
SELECT * FROM (SELECT * FROM testData) AS t WHERE key = 1
-- !query 0 schema
struct<key:int,value:string>
-- !query 0 output
1	1


-- !query 1
FROM (SELECT * FROM testData WHERE key = 1) AS t SELECT *
-- !query 1 schema
struct<key:int,value:string>
-- !query 1 output
1	1


-- !query 2
SELECT * FROM (SELECT * FROM testData) t WHERE key = 1
-- !query 2 schema
struct<key:int,value:string>
-- !query 2 output
1	1


-- !query 3
FROM (SELECT * FROM testData WHERE key = 1) t SELECT *
-- !query 3 schema
struct<key:int,value:string>
-- !query 3 output
1	1


-- !query 4
SELECT * FROM (SELECT * FROM testData) WHERE key = 1
-- !query 4 schema
struct<>
-- !query 4 output
org.apache.spark.sql.catalyst.parser.ParseException

The unaliased subqueries in the FROM clause are not supported.(line 1, pos 14)

== SQL ==
SELECT * FROM (SELECT * FROM testData) WHERE key = 1
--------------^^^


-- !query 5
FROM (SELECT * FROM testData WHERE key = 1) SELECT *
-- !query 5 schema
struct<>
-- !query 5 output
org.apache.spark.sql.catalyst.parser.ParseException

The unaliased subqueries in the FROM clause are not supported.(line 1, pos 5)

== SQL ==
FROM (SELECT * FROM testData WHERE key = 1) SELECT *
-----^^^
