-- Automatically generated by SQLQueryTestSuite
-- Number of queries: 4


-- !query 0
select current_date = current_date(), current_timestamp = current_timestamp()
-- !query 0 schema
struct<(current_date() = current_date()):boolean,(current_timestamp() = current_timestamp()):boolean>
-- !query 0 output
true	true


-- !query 1
select to_date(null), to_date('2016-12-31'), to_date('2016-12-31', 'yyyy-MM-dd')
-- !query 1 schema
struct<to_date(NULL):date,to_date('2016-12-31'):date,to_date('2016-12-31', 'yyyy-MM-dd'):date>
-- !query 1 output
NULL	2016-12-31	2016-12-31


-- !query 2
select to_timestamp(null), to_timestamp('2016-12-31 00:12:00'), to_timestamp('2016-12-31', 'yyyy-MM-dd')
-- !query 2 schema
struct<to_timestamp(NULL):timestamp,to_timestamp('2016-12-31 00:12:00'):timestamp,to_timestamp('2016-12-31', 'yyyy-MM-dd'):timestamp>
-- !query 2 output
NULL	2016-12-31 00:12:00	2016-12-31 00:00:00


-- !query 3
select dayofweek('2007-02-03'), dayofweek('2009-07-30'), dayofweek('2017-05-27'), dayofweek(null), dayofweek('1582-10-15 13:10:15')
-- !query 3 schema
struct<dayofweek(CAST(2007-02-03 AS DATE)):int,dayofweek(CAST(2009-07-30 AS DATE)):int,dayofweek(CAST(2017-05-27 AS DATE)):int,dayofweek(CAST(NULL AS DATE)):int,dayofweek(CAST(1582-10-15 13:10:15 AS DATE)):int>
-- !query 3 output
7	5	7	NULL	6
