-- Automatically generated by SQLQueryTestSuite
-- Number of queries: 7


-- !query 0
CREATE OR REPLACE TEMPORARY VIEW testData AS SELECT * FROM VALUES (1, 1), (1, 2), (2, 1) AS testData(a, b)
-- !query 0 schema
struct<>
-- !query 0 output



-- !query 1
SELECT * FROM testData AS t(col1, col2) WHERE col1 = 1
-- !query 1 schema
struct<col1:int,col2:int>
-- !query 1 output
1	1
1	2


-- !query 2
SELECT * FROM testData AS t(col1, col2) WHERE col1 = 2
-- !query 2 schema
struct<col1:int,col2:int>
-- !query 2 output
2	1


-- !query 3
SELECT col1 AS k, SUM(col2) FROM testData AS t(col1, col2) GROUP BY k
-- !query 3 schema
struct<k:int,sum(col2):bigint>
-- !query 3 output
1	3
2	1


-- !query 4
SELECT * FROM testData AS t(col1, col2, col3)
-- !query 4 schema
struct<>
-- !query 4 output
org.apache.spark.sql.AnalysisException
Number of column aliases does not match number of columns. Table name: testData; number of column aliases: 3; number of columns: 2.; line 1 pos 14


-- !query 5
SELECT * FROM testData AS t(col1)
-- !query 5 schema
struct<>
-- !query 5 output
org.apache.spark.sql.AnalysisException
Number of column aliases does not match number of columns. Table name: testData; number of column aliases: 1; number of columns: 2.; line 1 pos 14


-- !query 6
SELECT a AS col1, b AS col2 FROM testData AS t(c, d)
-- !query 6 schema
struct<>
-- !query 6 output
org.apache.spark.sql.AnalysisException
cannot resolve '`a`' given input columns: [c, d]; line 1 pos 7
